        _
  _ __ | |__   ___  _ __   ___   _ __  _   _
 | '_ \| '_ \ / _ \| '_ \ / _ \ | '_ \| | | |
 | |_) | | | | (_) | | | | (_) || |_) | |_| |
 | .__/|_| |_|\___/|_| |_|\___(_) .__/ \__, |
 |_|                            |_|    |___/
                                      2.14.0

Python version 3.8.10
Spglib version 1.16.3

Phonopy configuration was read from "aiida.in".
Crystal structure was read from "phonopy.yaml".
Unit of length: angstrom
Ir-representation mode
Settings:
  Supercell: [3 3 3]
  Primitive matrix:
    [0. 0. 1.]
    [1. 0. 0.]
    [-0.  1.  0.]
Spacegroup: R3m (160)
Use -v option to watch primitive cell, unit cell, and supercell structures.

Force sets were not found in "phonopy.yaml".
Forces and displacements were read from "FORCE_SETS".
Computing force constants...
Max drift of force constants: -0.000494 (zz) 0.000170 (yy)


-------------------------------
  Irreducible representations
-------------------------------
q-point: [0. 0. 0.]
Point group: 3m

Original rotation matrices:

     1         2         3         4         5         6
 --------  --------  --------  --------  --------  --------
  1  0  0   0  1  0   0  0  1   1  0  0   0  1  0   0  0  1
  0  1  0   0  0  1   1  0  0   0  0  1   1  0  0   0  1  0
  0  0  1   1  0  0   0  1  0   0  1  0   0  0  1   1  0  0

Transformation matrix:

 0.333 -0.667  0.333
-0.333 -0.333  0.667
-0.333 -0.333 -0.333

Rotation matrices by transformation matrix:

     E        C3        C3        sgv       sgv       sgv
 --------  --------  --------  --------  --------  --------
  1  0  0   0 -1  0  -1  1  0   0 -1  0  -1  1  0   1  0  0
  0  1  0   1 -1  0  -1  0  0  -1  0  0   0  1  0   1 -1  0
  0  0  1   0  0  1   0  0  1   0  0  1   0  0  1   0  0  1

Character table:

  1 (  -0.016): A1
    ( 1,   0.0) ( 1,   0.0) ( 1,   0.0) ( 1,   0.0) ( 1,   0.0) ( 1,   0.0)

  2 (   0.012): E
    ( 2,   0.0) ( 1, 180.0) ( 1, 180.0) ( 0,   0.0) ( 0,   0.0) ( 0,   0.0)

  4 (   5.024): E
    ( 2,   0.0) ( 1, 180.0) ( 1, 180.0) ( 0,   0.0) ( 0,   0.0) ( 0,   0.0)

  6 (   5.122): A1
    ( 1,   0.0) ( 1,   0.0) ( 1,   0.0) ( 1,   0.0) ( 1,   0.0) ( 1,   0.0)

  7 (   6.456): E
    ( 2,   0.0) ( 1, 180.0) ( 1, 180.0) ( 0,   0.0) ( 0,   0.0) ( 0,   0.0)

  9 (   8.109): A1
    ( 1,   0.0) ( 1,   0.0) ( 1,   0.0) ( 1,   0.0) ( 1,   0.0) ( 1,   0.0)

 10 (   8.343): A2
    ( 1,   0.0) ( 1,   0.0) ( 1,   0.0) ( 1, 180.0) ( 1, 180.0) ( 1, 180.0)

 11 (   8.879): E
    ( 2,   0.0) ( 1, 180.0) ( 1, 180.0) ( 0,   0.0) ( 0,   0.0) ( 0,   0.0)

 13 (  14.144): E
    ( 2,   0.0) ( 1, 180.0) ( 1, 180.0) ( 0,   0.0) ( 0,   0.0) ( 0,   0.0)

 15 (  15.583): A1
    ( 1,   0.0) ( 1,   0.0) ( 1,   0.0) ( 1,   0.0) ( 1,   0.0) ( 1,   0.0)


Summary of calculation was written in "phonopy.yaml".
                 _
   ___ _ __   __| |
  / _ \ '_ \ / _` |
 |  __/ | | | (_| |
  \___|_| |_|\__,_|
