        _
  _ __ | |__   ___  _ __   ___   _ __  _   _
 | '_ \| '_ \ / _ \| '_ \ / _ \ | '_ \| | | |
 | |_) | | | | (_) | | | | (_) || |_) | |_| |
 | .__/|_| |_|\___/|_| |_|\___(_) .__/ \__, |
 |_|                            |_|    |___/
                                      2.14.0

Python version 3.8.10
Spglib version 1.16.3

Phonopy configuration was read from "aiida.in".
Crystal structure was read from "phonopy.yaml".
Unit of length: angstrom
QPOINTS mode
Settings:
  Supercell: [3 3 3]
  Primitive matrix:
    [0. 0. 1.]
    [1. 0. 0.]
    [-0.  1.  0.]
Spacegroup: R3m (160)
Use -v option to watch primitive cell, unit cell, and supercell structures.

Force sets were not found in "phonopy.yaml".
Forces and displacements were read from "FORCE_SETS".
Computing force constants...
Max drift of force constants: -0.000494 (zz) 0.000170 (yy)

Q-points that will be calculated at:
    [1. 1. 1.]
    [2. 2. 2.]

Summary of calculation was written in "phonopy.yaml".
                 _
   ___ _ __   __| |
  / _ \ '_ \ / _` |
 |  __/ | | | (_| |
  \___|_| |_|\__,_|
